Microchip MPLAB XC8 Compiler V1.41 ()

Linker command line:

-W-3 --edf=/Applications/microchip/xc8/v1.41/dat/en_msgs.txt -cs \
  -h+dist/default/debug/Greg_ZCD_Test.X.debug.sym \
  --cmf=dist/default/debug/Greg_ZCD_Test.X.debug.cmf -z -Q18F46K40 \
  -o/tmp/xcRQZttRJ -Mdist/default/debug/Greg_ZCD_Test.X.debug.map -E1 \
  -ver=XC8 -ASTACK=060h-0e7dh -pstack=STACK -ACODE=00h-0FFFFh \
  -ACONST=00h-0FFFFh -ASMALLCONST=0F00h-0FFFhx241 \
  -AMEDIUMCONST=0F00h-0FFFFh -ACOMRAM=01h-05Fh -AABS1=00h-0E7Dh \
  -ABIGRAM=01h-0E7Dh -ARAM=060h-0FFh,0100h-01FFhx13,0E00h-0E7Dh \
  -ABANK0=060h-0FFh -ABANK1=0100h-01FFh -ABANK2=0200h-02FFh \
  -ABANK3=0300h-03FFh -ABANK4=0400h-04FFh -ABANK5=0500h-05FFh \
  -ABANK6=0600h-06FFh -ABANK7=0700h-07FFh -ABANK8=0800h-08FFh \
  -ABANK9=0900h-09FFh -ABANK10=0A00h-0AFFh -ABANK11=0B00h-0BFFh \
  -ABANK12=0C00h-0CFFh -ABANK13=0D00h-0DFFh -ABANK14=0E00h-0E7Dh \
  -ASFR=0E7Eh-0EFFh,0F00h-0F5Fh,0F60h-0FFFh \
  -preset_vec=00h,intcode=08h,intcodelo,powerup,init -pramtop=0F00h \
  -psmallconst=SMALLCONST -pmediumconst=MEDIUMCONST -pconst=CONST \
  -AFARRAM=00h-00h -ACONFIG=0300000h-030000Bh -pconfig=CONFIG \
  -AIDLOC=0200000h-020000Fh -pidloc=IDLOC -AEEDATA=0310000h-03103FFh \
  -peeprom_data=EEDATA \
  -prdata=COMRAM,nvrram=COMRAM,nvbit=COMRAM,rbss=COMRAM,rbit=COMRAM \
  -pfarbss=FARRAM,fardata=FARRAM,nvFARRAM=FARRAM \
  -pintsave_regs=BIGRAM,bigbss=BIGRAM,bigdata=BIGRAM -pbss=RAM \
  -pidata=CODE,irdata=CODE,ibigdata=CODE,ifardata=CODE -prparam=COMRAM \
  /tmp/xcsNU89YA.obj dist/default/debug/Greg_ZCD_Test.X.debug.obj 

Object code version is 3.11

Machine type is 18F46K40

Call graph: (short form)




                Name                               Link     Load   Length Selector   Space Scale
/tmp/xcsNU89YA.obj
                init                                 98       98        4        4       0
                reset_vec                             0        0        6        0       0
                idloc                            200000   200000       10   200000       0
                config                           300000   300000        C   300000       0
dist/default/debug/Greg_ZCD_Test.X.debug.obj
                intcode                               8        8       90        4       0
                temp                                 1F       1F        1        1       1
                text15                              28A      28A        6        4       0
                text14                              270      270        E        4       0
                text13                              284      284        6        4       0
                text11                              29C      29C        4        4       0
                text10                              1EE      1EE       20        4       0
                text9                                9C       9C       BE        4       0
                text8                               24A      24A       16        4       0
                text7                               298      298        4        4       0
                text6                               194      194       38        4       0
                text5                               294      294        4        4       0
                text4                               1CC      1CC       22        4       0
                text3                               260      260       10        4       0
                text2                               22C      22C       1E        4       0
                text1                               27E      27E        6        4       0
                text0                               20E      20E       1E        4       0
                cstackCOMRAM                          1        1       10        1       1
                dataCOMRAM                           19       19        4        1       1
                bssCOMRAM                            11       11        8        1       1
                cinit                               15A      15A       3A        4       0
                nvCOMRAM                             1D       1D        2        1       1
                idataCOMRAM                         290      290        4        4       0

TOTAL           Name                               Link     Load   Length     Space
        CLASS   STACK          

        CLASS   CODE           
                intcode                               8        8       90         0
                init                                 98       98        4         0
                reset_vec                             0        0        6         0
                text15                              28A      28A        6         0
                text14                              270      270        E         0
                text13                              284      284        6         0
                text11                              29C      29C        4         0
                text10                              1EE      1EE       20         0
                text9                                9C       9C       BE         0
                text8                               24A      24A       16         0
                text7                               298      298        4         0
                text6                               194      194       38         0
                text5                               294      294        4         0
                text4                               1CC      1CC       22         0
                text3                               260      260       10         0
                text2                               22C      22C       1E         0
                text1                               27E      27E        6         0
                text0                               20E      20E       1E         0
                cinit                               15A      15A       3A         0
                idataCOMRAM                         290      290        4         0

        CLASS   CONST          

        CLASS   SMALLCONST     

        CLASS   MEDIUMCONST    

        CLASS   COMRAM         
                temp                                 1F       1F        1         1
                cstackCOMRAM                          1        1       10         1
                dataCOMRAM                           19       19        4         1
                bssCOMRAM                            11       11        8         1
                nvCOMRAM                             1D       1D        2         1

        CLASS   ABS1           

        CLASS   BIGRAM         

        CLASS   RAM            

        CLASS   BANK0          

        CLASS   BANK1          

        CLASS   BANK2          

        CLASS   BANK3          

        CLASS   BANK4          

        CLASS   BANK5          

        CLASS   BANK6          

        CLASS   BANK7          

        CLASS   BANK8          

        CLASS   BANK9          

        CLASS   BANK10         

        CLASS   BANK11         

        CLASS   BANK12         

        CLASS   BANK13         

        CLASS   BANK14         

        CLASS   SFR            

        CLASS   FARRAM         

        CLASS   CONFIG         
                config                           300000   300000        C         0

        CLASS   IDLOC          
                idloc                            200000   200000       10         0

        CLASS   EEDATA         



SEGMENTS        Name                           Load    Length   Top    Selector   Space  Class

                reset_vec                      000000  000006  000006         0       0  CODE    
                cstackCOMRAM                   000001  00001F  000020         1       1  COMRAM  
                intcode                        000008  000298  0002A0         4       0  CODE    
                idloc                          200000  000010  200010    200000       0  IDLOC   
                config                         300000  00000C  30000C    300000       0  CONFIG  


UNUSED ADDRESS RANGES

        Name                Unused          Largest block    Delta
        BANK0            000060-0000FF               A0
        BANK1            000100-0001FF              100
        BANK10           000A00-000AFF              100
        BANK11           000B00-000BFF              100
        BANK12           000C00-000CFF              100
        BANK13           000D00-000DFF              100
        BANK14           000E00-000E7D               7E
        BANK2            000200-0002FF              100
        BANK3            000300-0003FF              100
        BANK4            000400-0004FF              100
        BANK5            000500-0005FF              100
        BANK6            000600-0006FF              100
        BANK7            000700-0007FF              100
        BANK8            000800-0008FF              100
        BANK9            000900-0009FF              100
        BIGRAM           000020-000E7D              E5E
        CODE             000006-000007                2
                         0002A0-00FFFF             FD60
        COMRAM           000020-00005F               40
        CONST            000006-000007                2
                         0002A0-00FFFF             FD60
        EEDATA           310000-3103FF              400
        MEDIUMCONST      000F00-00FFFF             F100
        RAM              000060-000E7D              100
        SFR              000E7E-000FFF               82
        SMALLCONST       000F00-00FFFF              100
        STACK            000060-000E7D              E1E

                                  Symbol Table

PIN_MANAGER_Initialize@state         cstackCOMRAM 00000F
_ANSELA                              (abs)        000F11
_ANSELB                              (abs)        000F19
_ANSELC                              (abs)        000F21
_ANSELD                              (abs)        000F26
_ANSELE                              (abs)        000F2E
_CCP1CON                             (abs)        000FAC
_CCP1CONbits                         (abs)        000FAC
_CCPR1H                              (abs)        000FAB
_CCPR1L                              (abs)        000FAA
_CCPTMRSbits                         (abs)        000FAE
_GIE                                 (abs)        007F97
_INTCON                              (abs)        000FF2
_INTCONbits                          (abs)        000FF2
_INTERRUPT_Initialize                text11       00029C
_INTERRUPT_InterruptManager          intcode      000008
_LATA                                (abs)        000F83
_LATB                                (abs)        000F84
_LATC                                (abs)        000F85
_LATD                                (abs)        000F86
_LATE                                (abs)        000F87
_ODCONA                              (abs)        000F0F
_ODCONB                              (abs)        000F17
_ODCONC                              (abs)        000F1F
_ODCOND                              (abs)        000F24
_ODCONE                              (abs)        000F2C
_OSCCON1                             (abs)        000ED8
_OSCCON3                             (abs)        000EDA
_OSCEN                               (abs)        000EDC
_OSCFRQ                              (abs)        000EDE
_OSCILLATOR_Initialize               text10       0001EE
_OSCTUNE                             (abs)        000EDD
_PIE2bits                            (abs)        000EC4
_PIN_MANAGER_Initialize              text9        00009C
_PIR2bits                            (abs)        000ECC
_PIR4bits                            (abs)        000ECE
_PPSLOCK                             (abs)        000EA0
_PPSLOCKbits                         (abs)        000EA0
_PR4                                 (abs)        000FB6
_PWM1_Initialize                     text8        00024A
_RC0PPS                              (abs)        000EF7
_SYSTEM_Initialize                   text2        00022C
_T1CLK                               (abs)        000FD2
_T1CON                               (abs)        000FCF
_T1CONbits                           (abs)        000FCF
_T1GATE                              (abs)        000FD1
_T1GCON                              (abs)        000FD0
_T1GCONbits                          (abs)        000FD0
_T4CLKCON                            (abs)        000FB9
_T4CON                               (abs)        000FB7
_T4CONbits                           (abs)        000FB7
_T4HLT                               (abs)        000FB8
_T4HLTbits                           (abs)        000FB8
_T4INPPSbits                         (abs)        000EAC
_T4PR                                (abs)        000FB6
_T4RST                               (abs)        000FBA
_T4RSTbits                           (abs)        000FBA
_T4TMR                               (abs)        000FB5
_TMR1H                               (abs)        000FCE
_TMR1L                               (abs)        000FCD
_TMR1_Initialize                     text6        000194
_TMR1_InterruptHandler               bssCOMRAM    000017
_TMR1_StartTimer                     text7        000298
_TMR4                                (abs)        000FB5
_TMR4_Initialize                     text4        0001CC
_TMR4_InterruptHandler               bssCOMRAM    000015
_TMR4_Start                          text5        000294
_TRISA                               (abs)        000F88
_TRISB                               (abs)        000F89
_TRISC                               (abs)        000F8A
_TRISD                               (abs)        000F8B
_TRISE                               (abs)        000F8C
_WPUA                                (abs)        000F10
_WPUB                                (abs)        000F18
_WPUC                                (abs)        000F20
_WPUD                                (abs)        000F25
_WPUE                                (abs)        000F2D
_ZCDCON                              (abs)        000F32
_ZCDCONbits                          (abs)        000F32
_ZCD_ISR                             text14       000270
_ZCD_Initialize                      text3        000260
__CFG_BOREN$SBORDIS                  (abs)        000000
__CFG_BORV$VBOR_2P45                 (abs)        000000
__CFG_CLKOUTEN$OFF                   (abs)        000000
__CFG_CP$OFF                         (abs)        000000
__CFG_CPD$OFF                        (abs)        000000
__CFG_CSWEN$ON                       (abs)        000000
__CFG_DEBUG$OFF                      (abs)        000000
__CFG_EBTR0$OFF                      (abs)        000000
__CFG_EBTR1$OFF                      (abs)        000000
__CFG_EBTR2$OFF                      (abs)        000000
__CFG_EBTR3$OFF                      (abs)        000000
__CFG_EBTRB$OFF                      (abs)        000000
__CFG_FCMEN$ON                       (abs)        000000
__CFG_FEXTOSC$OFF                    (abs)        000000
__CFG_LPBOREN$OFF                    (abs)        000000
__CFG_LVP$ON                         (abs)        000000
__CFG_MCLRE$EXTMCLR                  (abs)        000000
__CFG_PPS1WAY$ON                     (abs)        000000
__CFG_PWRTE$OFF                      (abs)        000000
__CFG_RSTOSC$HFINTOSC_64MHZ          (abs)        000000
__CFG_SCANE$ON                       (abs)        000000
__CFG_STVREN$ON                      (abs)        000000
__CFG_WDTCCS$SC                      (abs)        000000
__CFG_WDTCPS$WDTCPS_31               (abs)        000000
__CFG_WDTCWS$WDTCWS_7                (abs)        000000
__CFG_WDTE$OFF                       (abs)        000000
__CFG_WRT0$OFF                       (abs)        000000
__CFG_WRT1$OFF                       (abs)        000000
__CFG_WRT2$OFF                       (abs)        000000
__CFG_WRT3$OFF                       (abs)        000000
__CFG_WRTB$OFF                       (abs)        000000
__CFG_WRTC$OFF                       (abs)        000000
__CFG_WRTD$OFF                       (abs)        000000
__CFG_XINST$OFF                      (abs)        000000
__CFG_ZCD$OFF                        (abs)        000000
__HRAM                               (abs)        000000
__Habs1                              abs1         000000
__Hbank0                             bank0        000000
__Hbank1                             bank1        000000
__Hbank10                            bank10       000000
__Hbank11                            bank11       000000
__Hbank12                            bank12       000000
__Hbank13                            bank13       000000
__Hbank14                            bank14       000000
__Hbank2                             bank2        000000
__Hbank3                             bank3        000000
__Hbank4                             bank4        000000
__Hbank5                             bank5        000000
__Hbank6                             bank6        000000
__Hbank7                             bank7        000000
__Hbank8                             bank8        000000
__Hbank9                             bank9        000000
__Hbigbss                            bigbss       000000
__Hbigdata                           bigdata      000000
__Hbigram                            bigram       000000
__Hbss                               bss          000000
__HbssCOMRAM                         bssCOMRAM    000000
__Hcinit                             cinit        000000
__Hclrtext                           clrtext      000000
__Hcomram                            comram       000000
__Hconfig                            config       30000C
__Hconst                             const        000000
__HcstackCOMRAM                      cstackCOMRAM 000000
__Hdata                              data         000000
__HdataCOMRAM                        dataCOMRAM   000000
__Heeprom_data                       eeprom_data  000000
__Hfarbss                            farbss       000000
__Hfardata                           fardata      000000
__Hibigdata                          ibigdata     000000
__Hidata                             idata        000000
__HidataCOMRAM                       idataCOMRAM  000000
__Hidloc                             idloc        200010
__Hifardata                          ifardata     000000
__Hinit                              init         00009C
__Hintcode                           intcode      000098
__Hintcode_body                      intcode_body 000000
__Hintcodelo                         intcodelo    000098
__Hintentry                          intentry     000000
__Hintret                            intret       000000
__Hintsave_regs                      intsave_regs 000000
__Hirdata                            irdata       000000
__Hmediumconst                       mediumconst  000000
__HnvCOMRAM                          nvCOMRAM     000000
__HnvFARRAM                          nvFARRAM     000000
__Hnvbit                             nvbit        000000
__Hnvrram                            nvrram       000000
__Hparam                             rparam       000000
__Hpowerup                           powerup      000098
__Hram                               ram          000000
__Hramtop                            ramtop       000F00
__Hrbit                              rbit         000000
__Hrbss                              rbss         000000
__Hrdata                             rdata        000000
__Hreset_vec                         reset_vec    000006
__Hrparam                            rparam       000000
__Hsfr                               sfr          000000
__Hsmallconst                        smallconst   000000
__Hspace_0                           (abs)        30000C
__Hspace_1                           (abs)        000020
__Hspace_2                           (abs)        000000
__Hstack                             stack        000000
__Hstruct                            struct       000000
__Htemp                              temp         000020
__Htext                              text         000000
__Htext0                             text0        000000
__Htext1                             text1        000000
__Htext10                            text10       000000
__Htext11                            text11       000000
__Htext13                            text13       000000
__Htext14                            text14       000000
__Htext15                            text15       000000
__Htext2                             text2        000000
__Htext3                             text3        000000
__Htext4                             text4        000000
__Htext5                             text5        000000
__Htext6                             text6        000000
__Htext7                             text7        000000
__Htext8                             text8        000000
__Htext9                             text9        000000
__LRAM                               (abs)        000001
__Labs1                              abs1         000000
__Lbank0                             bank0        000000
__Lbank1                             bank1        000000
__Lbank10                            bank10       000000
__Lbank11                            bank11       000000
__Lbank12                            bank12       000000
__Lbank13                            bank13       000000
__Lbank14                            bank14       000000
__Lbank2                             bank2        000000
__Lbank3                             bank3        000000
__Lbank4                             bank4        000000
__Lbank5                             bank5        000000
__Lbank6                             bank6        000000
__Lbank7                             bank7        000000
__Lbank8                             bank8        000000
__Lbank9                             bank9        000000
__Lbigbss                            bigbss       000000
__Lbigdata                           bigdata      000000
__Lbigram                            bigram       000000
__Lbss                               bss          000000
__LbssCOMRAM                         bssCOMRAM    000000
__Lcinit                             cinit        000000
__Lclrtext                           clrtext      000000
__Lcomram                            comram       000000
__Lconfig                            config       300000
__Lconst                             const        000000
__LcstackCOMRAM                      cstackCOMRAM 000000
__Ldata                              data         000000
__LdataCOMRAM                        dataCOMRAM   000000
__Leeprom_data                       eeprom_data  000000
__Lfarbss                            farbss       000000
__Lfardata                           fardata      000000
__Libigdata                          ibigdata     000000
__Lidata                             idata        000000
__LidataCOMRAM                       idataCOMRAM  000000
__Lidloc                             idloc        200000
__Lifardata                          ifardata     000000
__Linit                              init         000098
__Lintcode                           intcode      000008
__Lintcode_body                      intcode_body 000000
__Lintcodelo                         intcodelo    000098
__Lintentry                          intentry     000000
__Lintret                            intret       000000
__Lintsave_regs                      intsave_regs 000000
__Lirdata                            irdata       000000
__Lmediumconst                       mediumconst  000000
__LnvCOMRAM                          nvCOMRAM     000000
__LnvFARRAM                          nvFARRAM     000000
__Lnvbit                             nvbit        000000
__Lnvrram                            nvrram       000000
__Lparam                             rparam       000000
__Lpowerup                           powerup      000098
__Lram                               ram          000000
__Lramtop                            ramtop       000F00
__Lrbit                              rbit         000000
__Lrbss                              rbss         000000
__Lrdata                             rdata        000000
__Lreset_vec                         reset_vec    000000
__Lrparam                            rparam       000000
__Lsfr                               sfr          000000
__Lsmallconst                        smallconst   000000
__Lspace_0                           (abs)        000000
__Lspace_1                           (abs)        000000
__Lspace_2                           (abs)        000000
__Lstack                             stack        000000
__Lstruct                            struct       000000
__Ltemp                              temp         00001F
__Ltext                              text         000000
__Ltext0                             text0        000000
__Ltext1                             text1        000000
__Ltext10                            text10       000000
__Ltext11                            text11       000000
__Ltext13                            text13       000000
__Ltext14                            text14       000000
__Ltext15                            text15       000000
__Ltext2                             text2        000000
__Ltext3                             text3        000000
__Ltext4                             text4        000000
__Ltext5                             text5        000000
__Ltext6                             text6        000000
__Ltext7                             text7        000000
__Ltext8                             text8        000000
__Ltext9                             text9        000000
__S0                                 (abs)        30000C
__S1                                 (abs)        000020
__S2                                 (abs)        000000
___inthi_sp                          stack        000000
___intlo_sp                          stack        000000
___param_bank                        (abs)        000000
___rparam_used                       (abs)        000001
___sp                                stack        000000
__accesstop                          (abs)        000060
__activetblptr                       (abs)        000002
__end_of_INTERRUPT_Initialize        text11       0002A0
__end_of_INTERRUPT_InterruptManager  intcode      000098
__end_of_OSCILLATOR_Initialize       text10       00020E
__end_of_PIN_MANAGER_Initialize      text9        00015A
__end_of_PWM1_Initialize             text8        000260
__end_of_SYSTEM_Initialize           text2        00024A
__end_of_TMR1_Initialize             text6        0001CC
__end_of_TMR1_StartTimer             text7        00029C
__end_of_TMR4_Initialize             text4        0001EE
__end_of_TMR4_Start                  text5        000298
__end_of_ZCD_ISR                     text14       00027E
__end_of_ZCD_Initialize              text3        000270
__end_of__initialization             cinit        000186
__end_of_main                        text0        00022C
__end_of_phase_2                     text15       000290
__end_of_phase_4                     text1        000284
__end_ofi2_phase_4                   text13       00028A
__initialization                     cinit        00015A
__mediumconst                        mediumconst  000000
__pbssCOMRAM                         bssCOMRAM    000011
__pcinit                             cinit        00015A
__pcstackCOMRAM                      cstackCOMRAM 000001
__pdataCOMRAM                        dataCOMRAM   000019
__pidataCOMRAM                       idataCOMRAM  000290
__pintcode                           intcode      000008
__pnvCOMRAM                          nvCOMRAM     00001D
__ptext0                             text0        00020E
__ptext1                             text1        00027E
__ptext10                            text10       0001EE
__ptext11                            text11       00029C
__ptext13                            text13       000284
__ptext14                            text14       000270
__ptext15                            text15       00028A
__ptext2                             text2        00022C
__ptext3                             text3        000260
__ptext4                             text4        0001CC
__ptext5                             text5        000294
__ptext6                             text6        000194
__ptext7                             text7        000298
__ptext8                             text8        00024A
__ptext9                             text9        00009C
__ramtop                             ramtop       000F00
__size_of_INTERRUPT_Initialize       (abs)        000000
__size_of_INTERRUPT_InterruptManager (abs)        000000
__size_of_OSCILLATOR_Initialize      (abs)        000000
__size_of_PIN_MANAGER_Initialize     (abs)        000000
__size_of_PWM1_Initialize            (abs)        000000
__size_of_SYSTEM_Initialize          (abs)        000000
__size_of_TMR1_Initialize            (abs)        000000
__size_of_TMR1_StartTimer            (abs)        000000
__size_of_TMR4_Initialize            (abs)        000000
__size_of_TMR4_Start                 (abs)        000000
__size_of_ZCD_ISR                    (abs)        000000
__size_of_ZCD_Initialize             (abs)        000000
__size_of_main                       (abs)        000000
__size_of_phase_2                    (abs)        000000
__size_of_phase_4                    (abs)        000000
__size_ofi2_phase_4                  (abs)        000000
__smallconst                         smallconst   000000
_delay                               dataCOMRAM   000019
_main                                text0        00020E
_n                                   bssCOMRAM    000011
_phase_2                             text15       00028A
_phase_4                             text1        00027E
_timer1ReloadVal                     nvCOMRAM     00001D
_timer_value                         bssCOMRAM    000013
_y                                   dataCOMRAM   00001B
btemp                                temp         00001F
end_of_initialization                cinit        000186
i2_phase_4                           text13       000284
int$flags                            temp         00001F
intlevel0                            text         000000
intlevel1                            text         000000
intlevel2                            text         000000
intlevel3                            text         000000
stackhi                              (abs)        000E7D
stacklo                              (abs)        000060
start                                init         000098
start_initialization                 cinit        00015A


FUNCTION INFORMATION:

 *************** function _main *****************
 Defined at:
		line 53 in file "main.c"
 Parameters:    Size  Location     Type
		None
 Auto vars:     Size  Location     Type
		None
 Return value:  Size  Location     Type
                  1    wreg      void 
 Registers used:
		wreg, status,2, status,0, cstack
 Tracked objects:
		On entry : 
		On exit  : 
		Unchanged: 
 Data sizes:     COMRAM   BANK0   BANK1   BANK2   BANK3   BANK4   BANK5   BANK6   BANK7   BANK8   BANK9  BANK10  BANK11  BANK12  BANK13  BANK14
      Params:         0       0       0       0       0       0       0       0       0       0       0       0       0       0       0       0
      Locals:         0       0       0       0       0       0       0       0       0       0       0       0       0       0       0       0
      Temps:          0       0       0       0       0       0       0       0       0       0       0       0       0       0       0       0
      Totals:         0       0       0       0       0       0       0       0       0       0       0       0       0       0       0       0
Total ram usage:        0 bytes
 Hardware stack levels required when called:    6
 This function calls:
		_PWM1_Initialize
		_SYSTEM_Initialize
		_ZCD_Initialize
		_phase_4
 This function is called by:
		Startup code after reset
 This function uses a non-reentrant model


 *************** function _phase_4 *****************
 Defined at:
		line 28 in file "main.c"
 Parameters:    Size  Location     Type
		None
 Auto vars:     Size  Location     Type
		None
 Return value:  Size  Location     Type
                  2  272[None  ] int 
 Registers used:
		wreg, status,2
 Tracked objects:
		On entry : 
		On exit  : 
		Unchanged: 
 Data sizes:     COMRAM   BANK0   BANK1   BANK2   BANK3   BANK4   BANK5   BANK6   BANK7   BANK8   BANK9  BANK10  BANK11  BANK12  BANK13  BANK14
      Params:         0       0       0       0       0       0       0       0       0       0       0       0       0       0       0       0
      Locals:         0       0       0       0       0       0       0       0       0       0       0       0       0       0       0       0
      Temps:          0       0       0       0       0       0       0       0       0       0       0       0       0       0       0       0
      Totals:         0       0       0       0       0       0       0       0       0       0       0       0       0       0       0       0
Total ram usage:        0 bytes
 Hardware stack levels used:    1
 Hardware stack levels required when called:    3
 This function calls:
		Nothing
 This function is called by:
		_main
		_S_4
		_T_4
 This function uses a non-reentrant model


 *************** function _SYSTEM_Initialize *****************
 Defined at:
		line 107 in file "mcc_generated_files/mcc.c"
 Parameters:    Size  Location     Type
		None
 Auto vars:     Size  Location     Type
		None
 Return value:  Size  Location     Type
                  1    wreg      void 
 Registers used:
		wreg, status,2, status,0, cstack
 Tracked objects:
		On entry : 
		On exit  : 
		Unchanged: 
 Data sizes:     COMRAM   BANK0   BANK1   BANK2   BANK3   BANK4   BANK5   BANK6   BANK7   BANK8   BANK9  BANK10  BANK11  BANK12  BANK13  BANK14
      Params:         0       0       0       0       0       0       0       0       0       0       0       0       0       0       0       0
      Locals:         0       0       0       0       0       0       0       0       0       0       0       0       0       0       0       0
      Temps:          0       0       0       0       0       0       0       0       0       0       0       0       0       0       0       0
      Totals:         0       0       0       0       0       0       0       0       0       0       0       0       0       0       0       0
Total ram usage:        0 bytes
 Hardware stack levels used:    1
 Hardware stack levels required when called:    5
 This function calls:
		_INTERRUPT_Initialize
		_OSCILLATOR_Initialize
		_PIN_MANAGER_Initialize
		_PWM1_Initialize
		_TMR1_Initialize
		_TMR4_Initialize
		_ZCD_Initialize
 This function is called by:
		_main
 This function uses a non-reentrant model


 *************** function _ZCD_Initialize *****************
 Defined at:
		line 57 in file "mcc_generated_files/zcd.c"
 Parameters:    Size  Location     Type
		None
 Auto vars:     Size  Location     Type
		None
 Return value:  Size  Location     Type
                  1    wreg      void 
 Registers used:
		wreg, status,2
 Tracked objects:
		On entry : 
		On exit  : 
		Unchanged: 
 Data sizes:     COMRAM   BANK0   BANK1   BANK2   BANK3   BANK4   BANK5   BANK6   BANK7   BANK8   BANK9  BANK10  BANK11  BANK12  BANK13  BANK14
      Params:         0       0       0       0       0       0       0       0       0       0       0       0       0       0       0       0
      Locals:         0       0       0       0       0       0       0       0       0       0       0       0       0       0       0       0
      Temps:          0       0       0       0       0       0       0       0       0       0       0       0       0       0       0       0
      Totals:         0       0       0       0       0       0       0       0       0       0       0       0       0       0       0       0
Total ram usage:        0 bytes
 Hardware stack levels used:    1
 Hardware stack levels required when called:    3
 This function calls:
		Nothing
 This function is called by:
		_SYSTEM_Initialize
		_main
 This function uses a non-reentrant model


 *************** function _TMR4_Initialize *****************
 Defined at:
		line 63 in file "mcc_generated_files/tmr4.c"
 Parameters:    Size  Location     Type
		None
 Auto vars:     Size  Location     Type
		None
 Return value:  Size  Location     Type
                  1    wreg      void 
 Registers used:
		wreg, status,2, cstack
 Tracked objects:
		On entry : 
		On exit  : 
		Unchanged: 
 Data sizes:     COMRAM   BANK0   BANK1   BANK2   BANK3   BANK4   BANK5   BANK6   BANK7   BANK8   BANK9  BANK10  BANK11  BANK12  BANK13  BANK14
      Params:         0       0       0       0       0       0       0       0       0       0       0       0       0       0       0       0
      Locals:         0       0       0       0       0       0       0       0       0       0       0       0       0       0       0       0
      Temps:          0       0       0       0       0       0       0       0       0       0       0       0       0       0       0       0
      Totals:         0       0       0       0       0       0       0       0       0       0       0       0       0       0       0       0
Total ram usage:        0 bytes
 Hardware stack levels used:    1
 Hardware stack levels required when called:    4
 This function calls:
		_TMR4_Start
 This function is called by:
		_SYSTEM_Initialize
 This function uses a non-reentrant model


 *************** function _TMR4_Start *****************
 Defined at:
		line 104 in file "mcc_generated_files/tmr4.c"
 Parameters:    Size  Location     Type
		None
 Auto vars:     Size  Location     Type
		None
 Return value:  Size  Location     Type
                  1    wreg      void 
 Registers used:
		None
 Tracked objects:
		On entry : 
		On exit  : 
		Unchanged: 
 Data sizes:     COMRAM   BANK0   BANK1   BANK2   BANK3   BANK4   BANK5   BANK6   BANK7   BANK8   BANK9  BANK10  BANK11  BANK12  BANK13  BANK14
      Params:         0       0       0       0       0       0       0       0       0       0       0       0       0       0       0       0
      Locals:         0       0       0       0       0       0       0       0       0       0       0       0       0       0       0       0
      Temps:          0       0       0       0       0       0       0       0       0       0       0       0       0       0       0       0
      Totals:         0       0       0       0       0       0       0       0       0       0       0       0       0       0       0       0
Total ram usage:        0 bytes
 Hardware stack levels used:    1
 Hardware stack levels required when called:    3
 This function calls:
		Nothing
 This function is called by:
		_TMR4_Initialize
		_TMR4_StartTimer
 This function uses a non-reentrant model


 *************** function _TMR1_Initialize *****************
 Defined at:
		line 63 in file "mcc_generated_files/tmr1.c"
 Parameters:    Size  Location     Type
		None
 Auto vars:     Size  Location     Type
		None
 Return value:  Size  Location     Type
                  1    wreg      void 
 Registers used:
		wreg, status,2, status,0, cstack
 Tracked objects:
		On entry : 
		On exit  : 
		Unchanged: 
 Data sizes:     COMRAM   BANK0   BANK1   BANK2   BANK3   BANK4   BANK5   BANK6   BANK7   BANK8   BANK9  BANK10  BANK11  BANK12  BANK13  BANK14
      Params:         0       0       0       0       0       0       0       0       0       0       0       0       0       0       0       0
      Locals:         0       0       0       0       0       0       0       0       0       0       0       0       0       0       0       0
      Temps:          2       0       0       0       0       0       0       0       0       0       0       0       0       0       0       0
      Totals:         2       0       0       0       0       0       0       0       0       0       0       0       0       0       0       0
Total ram usage:        2 bytes
 Hardware stack levels used:    1
 Hardware stack levels required when called:    4
 This function calls:
		_TMR1_StartTimer
 This function is called by:
		_SYSTEM_Initialize
 This function uses a non-reentrant model


 *************** function _TMR1_StartTimer *****************
 Defined at:
		line 95 in file "mcc_generated_files/tmr1.c"
 Parameters:    Size  Location     Type
		None
 Auto vars:     Size  Location     Type
		None
 Return value:  Size  Location     Type
                  1    wreg      void 
 Registers used:
		None
 Tracked objects:
		On entry : 
		On exit  : 
		Unchanged: 
 Data sizes:     COMRAM   BANK0   BANK1   BANK2   BANK3   BANK4   BANK5   BANK6   BANK7   BANK8   BANK9  BANK10  BANK11  BANK12  BANK13  BANK14
      Params:         0       0       0       0       0       0       0       0       0       0       0       0       0       0       0       0
      Locals:         0       0       0       0       0       0       0       0       0       0       0       0       0       0       0       0
      Temps:          0       0       0       0       0       0       0       0       0       0       0       0       0       0       0       0
      Totals:         0       0       0       0       0       0       0       0       0       0       0       0       0       0       0       0
Total ram usage:        0 bytes
 Hardware stack levels used:    1
 Hardware stack levels required when called:    3
 This function calls:
		Nothing
 This function is called by:
		_TMR1_Initialize
 This function uses a non-reentrant model


 *************** function _PWM1_Initialize *****************
 Defined at:
		line 63 in file "mcc_generated_files/pwm1.c"
 Parameters:    Size  Location     Type
		None
 Auto vars:     Size  Location     Type
		None
 Return value:  Size  Location     Type
                  1    wreg      void 
 Registers used:
		wreg, status,2
 Tracked objects:
		On entry : 
		On exit  : 
		Unchanged: 
 Data sizes:     COMRAM   BANK0   BANK1   BANK2   BANK3   BANK4   BANK5   BANK6   BANK7   BANK8   BANK9  BANK10  BANK11  BANK12  BANK13  BANK14
      Params:         0       0       0       0       0       0       0       0       0       0       0       0       0       0       0       0
      Locals:         0       0       0       0       0       0       0       0       0       0       0       0       0       0       0       0
      Temps:          0       0       0       0       0       0       0       0       0       0       0       0       0       0       0       0
      Totals:         0       0       0       0       0       0       0       0       0       0       0       0       0       0       0       0
Total ram usage:        0 bytes
 Hardware stack levels used:    1
 Hardware stack levels required when called:    3
 This function calls:
		Nothing
 This function is called by:
		_SYSTEM_Initialize
		_main
 This function uses a non-reentrant model


 *************** function _PIN_MANAGER_Initialize *****************
 Defined at:
		line 51 in file "mcc_generated_files/pin_manager.c"
 Parameters:    Size  Location     Type
		None
 Auto vars:     Size  Location     Type
  state           1   14[COMRAM] unsigned char 
 Return value:  Size  Location     Type
                  1    wreg      void 
 Registers used:
		wreg, status,2
 Tracked objects:
		On entry : 
		On exit  : 
		Unchanged: 
 Data sizes:     COMRAM   BANK0   BANK1   BANK2   BANK3   BANK4   BANK5   BANK6   BANK7   BANK8   BANK9  BANK10  BANK11  BANK12  BANK13  BANK14
      Params:         0       0       0       0       0       0       0       0       0       0       0       0       0       0       0       0
      Locals:         1       0       0       0       0       0       0       0       0       0       0       0       0       0       0       0
      Temps:          0       0       0       0       0       0       0       0       0       0       0       0       0       0       0       0
      Totals:         1       0       0       0       0       0       0       0       0       0       0       0       0       0       0       0
Total ram usage:        1 bytes
 Hardware stack levels used:    1
 Hardware stack levels required when called:    3
 This function calls:
		Nothing
 This function is called by:
		_SYSTEM_Initialize
 This function uses a non-reentrant model


 *************** function _OSCILLATOR_Initialize *****************
 Defined at:
		line 119 in file "mcc_generated_files/mcc.c"
 Parameters:    Size  Location     Type
		None
 Auto vars:     Size  Location     Type
		None
 Return value:  Size  Location     Type
                  1    wreg      void 
 Registers used:
		wreg, status,2
 Tracked objects:
		On entry : 
		On exit  : 
		Unchanged: 
 Data sizes:     COMRAM   BANK0   BANK1   BANK2   BANK3   BANK4   BANK5   BANK6   BANK7   BANK8   BANK9  BANK10  BANK11  BANK12  BANK13  BANK14
      Params:         0       0       0       0       0       0       0       0       0       0       0       0       0       0       0       0
      Locals:         0       0       0       0       0       0       0       0       0       0       0       0       0       0       0       0
      Temps:          0       0       0       0       0       0       0       0       0       0       0       0       0       0       0       0
      Totals:         0       0       0       0       0       0       0       0       0       0       0       0       0       0       0       0
Total ram usage:        0 bytes
 Hardware stack levels used:    1
 Hardware stack levels required when called:    3
 This function calls:
		Nothing
 This function is called by:
		_SYSTEM_Initialize
 This function uses a non-reentrant model


 *************** function _INTERRUPT_Initialize *****************
 Defined at:
		line 51 in file "mcc_generated_files/interrupt_manager.c"
 Parameters:    Size  Location     Type
		None
 Auto vars:     Size  Location     Type
		None
 Return value:  Size  Location     Type
                  1    wreg      void 
 Registers used:
		None
 Tracked objects:
		On entry : 
		On exit  : 
		Unchanged: 
 Data sizes:     COMRAM   BANK0   BANK1   BANK2   BANK3   BANK4   BANK5   BANK6   BANK7   BANK8   BANK9  BANK10  BANK11  BANK12  BANK13  BANK14
      Params:         0       0       0       0       0       0       0       0       0       0       0       0       0       0       0       0
      Locals:         0       0       0       0       0       0       0       0       0       0       0       0       0       0       0       0
      Temps:          0       0       0       0       0       0       0       0       0       0       0       0       0       0       0       0
      Totals:         0       0       0       0       0       0       0       0       0       0       0       0       0       0       0       0
Total ram usage:        0 bytes
 Hardware stack levels used:    1
 Hardware stack levels required when called:    3
 This function calls:
		Nothing
 This function is called by:
		_SYSTEM_Initialize
 This function uses a non-reentrant model


 *************** function _INTERRUPT_InterruptManager *****************
 Defined at:
		line 57 in file "mcc_generated_files/interrupt_manager.c"
 Parameters:    Size  Location     Type
		None
 Auto vars:     Size  Location     Type
		None
 Return value:  Size  Location     Type
                  1    wreg      void 
 Registers used:
		wreg, status,2, cstack
 Tracked objects:
		On entry : 
		On exit  : 
		Unchanged: 
 Data sizes:     COMRAM   BANK0   BANK1   BANK2   BANK3   BANK4   BANK5   BANK6   BANK7   BANK8   BANK9  BANK10  BANK11  BANK12  BANK13  BANK14
      Params:         0       0       0       0       0       0       0       0       0       0       0       0       0       0       0       0
      Locals:         0       0       0       0       0       0       0       0       0       0       0       0       0       0       0       0
      Temps:         14       0       0       0       0       0       0       0       0       0       0       0       0       0       0       0
      Totals:        14       0       0       0       0       0       0       0       0       0       0       0       0       0       0       0
Total ram usage:       14 bytes
 Hardware stack levels used:    1
 Hardware stack levels required when called:    2
 This function calls:
		_ZCD_ISR
		i2_phase_4
 This function is called by:
		Interrupt level 2
 This function uses a non-reentrant model


 *************** function i2_phase_4 *****************
 Defined at:
		line 28 in file "main.c"
 Parameters:    Size  Location     Type
		None
 Auto vars:     Size  Location     Type
		None
 Return value:  Size  Location     Type
                  2    0[None  ] int 
 Registers used:
		wreg, status,2
 Tracked objects:
		On entry : 
		On exit  : 
		Unchanged: 
 Data sizes:     COMRAM   BANK0   BANK1   BANK2   BANK3   BANK4   BANK5   BANK6   BANK7   BANK8   BANK9  BANK10  BANK11  BANK12  BANK13  BANK14
      Params:         0       0       0       0       0       0       0       0       0       0       0       0       0       0       0       0
      Locals:         0       0       0       0       0       0       0       0       0       0       0       0       0       0       0       0
      Temps:          0       0       0       0       0       0       0       0       0       0       0       0       0       0       0       0
      Totals:         0       0       0       0       0       0       0       0       0       0       0       0       0       0       0       0
Total ram usage:        0 bytes
 Hardware stack levels used:    1
 This function calls:
		Nothing
 This function is called by:
		_INTERRUPT_InterruptManager
 This function uses a non-reentrant model


 *************** function _ZCD_ISR *****************
 Defined at:
		line 77 in file "mcc_generated_files/zcd.c"
 Parameters:    Size  Location     Type
		None
 Auto vars:     Size  Location     Type
		None
 Return value:  Size  Location     Type
                  1    wreg      void 
 Registers used:
		wreg, status,2, cstack
 Tracked objects:
		On entry : 
		On exit  : 
		Unchanged: 
 Data sizes:     COMRAM   BANK0   BANK1   BANK2   BANK3   BANK4   BANK5   BANK6   BANK7   BANK8   BANK9  BANK10  BANK11  BANK12  BANK13  BANK14
      Params:         0       0       0       0       0       0       0       0       0       0       0       0       0       0       0       0
      Locals:         0       0       0       0       0       0       0       0       0       0       0       0       0       0       0       0
      Temps:          0       0       0       0       0       0       0       0       0       0       0       0       0       0       0       0
      Totals:         0       0       0       0       0       0       0       0       0       0       0       0       0       0       0       0
Total ram usage:        0 bytes
 Hardware stack levels used:    1
 Hardware stack levels required when called:    1
 This function calls:
		_phase_2
 This function is called by:
		_INTERRUPT_InterruptManager
 This function uses a non-reentrant model


 *************** function _phase_2 *****************
 Defined at:
		line 22 in file "main.c"
 Parameters:    Size  Location     Type
		None
 Auto vars:     Size  Location     Type
		None
 Return value:  Size  Location     Type
                  2   12[None  ] int 
 Registers used:
		wreg, status,2
 Tracked objects:
		On entry : 
		On exit  : 
		Unchanged: 
 Data sizes:     COMRAM   BANK0   BANK1   BANK2   BANK3   BANK4   BANK5   BANK6   BANK7   BANK8   BANK9  BANK10  BANK11  BANK12  BANK13  BANK14
      Params:         0       0       0       0       0       0       0       0       0       0       0       0       0       0       0       0
      Locals:         0       0       0       0       0       0       0       0       0       0       0       0       0       0       0       0
      Temps:          0       0       0       0       0       0       0       0       0       0       0       0       0       0       0       0
      Totals:         0       0       0       0       0       0       0       0       0       0       0       0       0       0       0       0
Total ram usage:        0 bytes
 Hardware stack levels used:    1
 This function calls:
		Nothing
 This function is called by:
		_ZCD_ISR
		_S_4
		_T_4
 This function uses a non-reentrant model



MODULE INFORMATION

Module		Function		Class		Link	Load	Size
mcc_generated_files/tmr4.c
		_TMR4_Initialize		CODE           	01CC	0000	35
		_TMR4_Start    		CODE           	0294	0000	5

mcc_generated_files/tmr4.c estimated size: 40

mcc_generated_files/interrupt_manager.c
		_INTERRUPT_Initialize		CODE           	029C	0000	5
		_INTERRUPT_InterruptManager		CODE           	0008	0000	145

mcc_generated_files/interrupt_manager.c estimated size: 150

mcc_generated_files/pin_manager.c
		_PIN_MANAGER_Initialize		CODE           	009C	0000	191

mcc_generated_files/pin_manager.c estimated size: 191

mcc_generated_files/zcd.c
		_ZCD_ISR       		CODE           	0270	0000	15
		_ZCD_Initialize		CODE           	0260	0000	17

mcc_generated_files/zcd.c estimated size: 32

shared
		i2_phase_4     		CODE           	0284	0000	7
		__initialization		CODE           	015A	0000	45

shared estimated size: 52

mcc_generated_files/mcc.c
		_OSCILLATOR_Initialize		CODE           	01EE	0000	33
		_SYSTEM_Initialize		CODE           	022C	0000	31

mcc_generated_files/mcc.c estimated size: 64

mcc_generated_files/tmr1.c
		_TMR1_Initialize		CODE           	0194	0000	57
		_TMR1_StartTimer		CODE           	0298	0000	5

mcc_generated_files/tmr1.c estimated size: 62

mcc_generated_files/pwm1.c
		_PWM1_Initialize		CODE           	024A	0000	23

mcc_generated_files/pwm1.c estimated size: 23

main.c
		_phase_2       		CODE           	028A	0000	7
		_main          		CODE           	020E	0000	31
		_phase_4       		CODE           	027E	0000	7

main.c estimated size: 45

